[advertbot.xyz/index.html]
[backblue.gif]
[fade.gif]
[index.html]
[advertbot.xyz/index-2.html]
[advertbot.xyz/main.css]
[advertbot.xyz/style/base.css]
[advertbot.xyz/style/socialproof.css]
[advertbot.xyz/javascript/socialproof.js]
[advertbot.xyz/style/animations/animate.css]
[advertbot.xyz/gtag/js_id_ua-124251250-1.js]
[advertbot.xyz/gtag/js_id_aw-834320227.js]
[advertbot.xyz/attachments/717531143393509428/724102662370623518/buy.png]
[advertbot.xyz/cdn-cgi/scripts/5c5dd728/cloudflare-static/email-decode.min.js]
[advertbot.xyz/code.jquery.com/jquery-3.3.1.min.js]
[advertbot.xyz/style/animations/wow.min.js]
[advertbot.xyz/POST.html]
[advertbot.xyz/index.html]
[advertbot.xyz/index-2.html]
[advertbot.xyz/Images/bg-lq.png]
[advertbot.xyz/main.css]
[advertbot.xyz/style/base.css]
[advertbot.xyz/style/socialproof.css]
[advertbot.xyz/style/animations/animate.css]
[advertbot.xyz/code.jquery.com/jquery-3.3.1.min.html]
[advertbot.xyz/POST.html]
[advertbot.xyz/Images/bg-lq.html]
